current directory: /home/noban/Documents/GIT-REPOS/TAGGING-APP/vendor/bundle/ruby/3.2.0/gems/puma-6.6.0/ext/puma_http11
/usr/bin/ruby3.2 -I/usr/lib/ruby/vendor_ruby extconf.rb
checking for BIO_read() in -llibcrypto... no
checking for BIO_read() in -lcrypto... no
checking for BIO_read() in -llibeay32... no
** Puma will be compiled without SSL support
creating Makefile

current directory: /home/noban/Documents/GIT-REPOS/TAGGING-APP/vendor/bundle/ruby/3.2.0/gems/puma-6.6.0/ext/puma_http11
make DESTDIR\= sitearchdir\=./.gem.20250504-17258-wjs0wo sitelibdir\=./.gem.20250504-17258-wjs0wo clean

current directory: /home/noban/Documents/GIT-REPOS/TAGGING-APP/vendor/bundle/ruby/3.2.0/gems/puma-6.6.0/ext/puma_http11
make DESTDIR\= sitearchdir\=./.gem.20250504-17258-wjs0wo sitelibdir\=./.gem.20250504-17258-wjs0wo
compiling http11_parser.c
compiling mini_ssl.c
compiling puma_http11.c
linking shared-object puma/puma_http11.so

current directory: /home/noban/Documents/GIT-REPOS/TAGGING-APP/vendor/bundle/ruby/3.2.0/gems/puma-6.6.0/ext/puma_http11
make DESTDIR\= sitearchdir\=./.gem.20250504-17258-wjs0wo sitelibdir\=./.gem.20250504-17258-wjs0wo install
/usr/bin/install -c -m 0755 puma_http11.so ./.gem.20250504-17258-wjs0wo/puma

current directory: /home/noban/Documents/GIT-REPOS/TAGGING-APP/vendor/bundle/ruby/3.2.0/gems/puma-6.6.0/ext/puma_http11
make DESTDIR\= sitearchdir\=./.gem.20250504-17258-wjs0wo sitelibdir\=./.gem.20250504-17258-wjs0wo clean
